0
1
2
3
4
5
6
7
8
9
10
11
12
13
14
15
16
17
18
19
20
21
22
23
24
25
26
27
28
29
30
31
32
33
34
35
36
37
38
39
40
41
42
43
44
45
46
47
48
49
50
51
52
53
54
55
56
57
58
59
Commit 0 - Thu Jun  4 03:49:05 AM +06 2026
Commit 1 - Thu Jun  4 03:49:05 AM +06 2026
Commit 2 - Thu Jun  4 03:49:05 AM +06 2026
Commit 3 - Thu Jun  4 03:49:05 AM +06 2026
Commit 4 - Thu Jun  4 03:49:05 AM +06 2026
Commit 5 - Thu Jun  4 03:49:05 AM +06 2026
Commit 6 - Thu Jun  4 03:49:05 AM +06 2026
Commit 7 - Thu Jun  4 03:49:05 AM +06 2026
Commit 8 - Thu Jun  4 03:49:05 AM +06 2026
Commit 9 - Thu Jun  4 03:49:05 AM +06 2026
Commit 10 - Thu Jun  4 03:49:05 AM +06 2026
Commit 11 - Thu Jun  4 03:49:05 AM +06 2026
Commit 12 - Thu Jun  4 03:49:05 AM +06 2026
Commit 13 - Thu Jun  4 03:49:05 AM +06 2026
Commit 14 - Thu Jun  4 03:49:05 AM +06 2026
Commit 15 - Thu Jun  4 03:49:05 AM +06 2026
Commit 16 - Thu Jun  4 03:49:05 AM +06 2026
Commit 17 - Thu Jun  4 03:49:05 AM +06 2026
Commit 18 - Thu Jun  4 03:49:05 AM +06 2026
Commit 19 - Thu Jun  4 03:49:05 AM +06 2026
Commit 20 - Thu Jun  4 03:49:05 AM +06 2026
Commit 21 - Thu Jun  4 03:49:05 AM +06 2026
Commit 22 - Thu Jun  4 03:49:05 AM +06 2026
Commit 23 - Thu Jun  4 03:49:05 AM +06 2026
Commit 24 - Thu Jun  4 03:49:05 AM +06 2026
Commit 25 - Thu Jun  4 03:49:05 AM +06 2026
Commit 26 - Thu Jun  4 03:49:05 AM +06 2026
Commit 27 - Thu Jun  4 03:49:05 AM +06 2026
Commit 28 - Thu Jun  4 03:49:05 AM +06 2026
Commit 29 - Thu Jun  4 03:49:05 AM +06 2026
Commit 30 - Thu Jun  4 03:49:05 AM +06 2026
Commit 31 - Thu Jun  4 03:49:05 AM +06 2026
Commit 32 - Thu Jun  4 03:49:05 AM +06 2026
Commit 33 - Thu Jun  4 03:49:05 AM +06 2026
Commit 34 - Thu Jun  4 03:49:05 AM +06 2026
Commit 35 - Thu Jun  4 03:49:05 AM +06 2026
Commit 36 - Thu Jun  4 03:49:05 AM +06 2026
Commit 37 - Thu Jun  4 03:49:05 AM +06 2026
Commit 38 - Thu Jun  4 03:49:05 AM +06 2026
Commit 39 - Thu Jun  4 03:49:05 AM +06 2026
Commit 40 - Thu Jun  4 03:49:05 AM +06 2026
Commit 41 - Thu Jun  4 03:49:05 AM +06 2026
Commit 42 - Thu Jun  4 03:49:05 AM +06 2026
Commit 43 - Thu Jun  4 03:49:05 AM +06 2026
Commit 44 - Thu Jun  4 03:49:05 AM +06 2026
Commit 45 - Thu Jun  4 03:49:05 AM +06 2026
Commit 46 - Thu Jun  4 03:49:05 AM +06 2026
Commit 47 - Thu Jun  4 03:49:05 AM +06 2026
Commit 48 - Thu Jun  4 03:49:05 AM +06 2026
Commit 49 - Thu Jun  4 03:49:05 AM +06 2026
Commit 50 - Thu Jun  4 03:49:05 AM +06 2026
Commit 51 - Thu Jun  4 03:49:05 AM +06 2026
Commit 52 - Thu Jun  4 03:49:05 AM +06 2026
Commit 53 - Thu Jun  4 03:49:05 AM +06 2026
Commit 54 - Thu Jun  4 03:49:05 AM +06 2026
Commit 55 - Thu Jun  4 03:49:05 AM +06 2026
Commit 56 - Thu Jun  4 03:49:05 AM +06 2026
Commit 57 - Thu Jun  4 03:49:05 AM +06 2026
Commit 58 - Thu Jun  4 03:49:05 AM +06 2026
Commit 59 - Thu Jun  4 03:49:05 AM +06 2026
Commit 0 - Thu Jun  4 03:50:46 AM +06 2026
Commit 1 - Thu Jun  4 03:50:46 AM +06 2026
Commit 2 - Thu Jun  4 03:50:46 AM +06 2026
Commit 3 - Thu Jun  4 03:50:46 AM +06 2026
Commit 4 - Thu Jun  4 03:50:46 AM +06 2026
Commit 5 - Thu Jun  4 03:50:46 AM +06 2026
Commit 6 - Thu Jun  4 03:50:46 AM +06 2026
Commit 7 - Thu Jun  4 03:50:46 AM +06 2026
Commit 8 - Thu Jun  4 03:50:46 AM +06 2026
Commit 9 - Thu Jun  4 03:50:46 AM +06 2026
Commit 10 - Thu Jun  4 03:50:46 AM +06 2026
Commit 11 - Thu Jun  4 03:50:46 AM +06 2026
Commit 12 - Thu Jun  4 03:50:46 AM +06 2026
Commit 13 - Thu Jun  4 03:50:46 AM +06 2026
Commit 14 - Thu Jun  4 03:50:46 AM +06 2026
Commit 15 - Thu Jun  4 03:50:46 AM +06 2026
Commit 16 - Thu Jun  4 03:50:46 AM +06 2026
Commit 17 - Thu Jun  4 03:50:46 AM +06 2026
Commit 18 - Thu Jun  4 03:50:46 AM +06 2026
Commit 19 - Thu Jun  4 03:50:46 AM +06 2026
Commit 20 - Thu Jun  4 03:50:46 AM +06 2026
Commit 21 - Thu Jun  4 03:50:46 AM +06 2026
Commit 22 - Thu Jun  4 03:50:46 AM +06 2026
Commit 23 - Thu Jun  4 03:50:46 AM +06 2026
Commit 24 - Thu Jun  4 03:50:46 AM +06 2026
Commit 25 - Thu Jun  4 03:50:46 AM +06 2026
Commit 26 - Thu Jun  4 03:50:46 AM +06 2026
Commit 27 - Thu Jun  4 03:50:46 AM +06 2026
Commit 28 - Thu Jun  4 03:50:46 AM +06 2026
Commit 29 - Thu Jun  4 03:50:46 AM +06 2026
Commit 30 - Thu Jun  4 03:50:46 AM +06 2026
Commit 31 - Thu Jun  4 03:50:46 AM +06 2026
Commit 32 - Thu Jun  4 03:50:46 AM +06 2026
Commit 33 - Thu Jun  4 03:50:46 AM +06 2026
Commit 34 - Thu Jun  4 03:50:46 AM +06 2026
Commit 35 - Thu Jun  4 03:50:46 AM +06 2026
Commit 36 - Thu Jun  4 03:50:46 AM +06 2026
Commit 37 - Thu Jun  4 03:50:46 AM +06 2026
Commit 38 - Thu Jun  4 03:50:46 AM +06 2026
Commit 39 - Thu Jun  4 03:50:46 AM +06 2026
Commit 40 - Thu Jun  4 03:50:46 AM +06 2026
Commit 41 - Thu Jun  4 03:50:46 AM +06 2026
Commit 42 - Thu Jun  4 03:50:46 AM +06 2026
Commit 43 - Thu Jun  4 03:50:46 AM +06 2026
Commit 44 - Thu Jun  4 03:50:46 AM +06 2026
Commit 45 - Thu Jun  4 03:50:46 AM +06 2026
Commit 46 - Thu Jun  4 03:50:46 AM +06 2026
Commit 47 - Thu Jun  4 03:50:46 AM +06 2026
Commit 48 - Thu Jun  4 03:50:46 AM +06 2026
Commit 49 - Thu Jun  4 03:50:46 AM +06 2026
Commit 50 - Thu Jun  4 03:50:46 AM +06 2026
Commit 51 - Thu Jun  4 03:50:46 AM +06 2026
Commit 52 - Thu Jun  4 03:50:46 AM +06 2026
Commit 53 - Thu Jun  4 03:50:46 AM +06 2026
Commit 54 - Thu Jun  4 03:50:46 AM +06 2026
Commit 55 - Thu Jun  4 03:50:46 AM +06 2026
Commit 56 - Thu Jun  4 03:50:46 AM +06 2026
Commit 57 - Thu Jun  4 03:50:46 AM +06 2026
Commit 58 - Thu Jun  4 03:50:46 AM +06 2026
Commit 59 - Thu Jun  4 03:50:46 AM +06 2026
Commit 0 - Thu Jun  4 03:51:46 AM +06 2026
Commit 1 - Thu Jun  4 03:51:46 AM +06 2026
Commit 2 - Thu Jun  4 03:51:46 AM +06 2026
Commit 3 - Thu Jun  4 03:51:46 AM +06 2026
Commit 4 - Thu Jun  4 03:51:46 AM +06 2026
Commit 5 - Thu Jun  4 03:51:46 AM +06 2026
Commit 6 - Thu Jun  4 03:51:46 AM +06 2026
Commit 7 - Thu Jun  4 03:51:46 AM +06 2026
Commit 8 - Thu Jun  4 03:51:46 AM +06 2026
Commit 9 - Thu Jun  4 03:51:46 AM +06 2026
Commit 10 - Thu Jun  4 03:51:46 AM +06 2026
Commit 11 - Thu Jun  4 03:51:46 AM +06 2026
Commit 12 - Thu Jun  4 03:51:46 AM +06 2026
Commit 13 - Thu Jun  4 03:51:46 AM +06 2026
Commit 14 - Thu Jun  4 03:51:46 AM +06 2026
Commit 15 - Thu Jun  4 03:51:46 AM +06 2026
Commit 16 - Thu Jun  4 03:51:46 AM +06 2026
Commit 17 - Thu Jun  4 03:51:46 AM +06 2026
Commit 18 - Thu Jun  4 03:51:46 AM +06 2026
Commit 19 - Thu Jun  4 03:51:46 AM +06 2026
Commit 20 - Thu Jun  4 03:51:46 AM +06 2026
Commit 21 - Thu Jun  4 03:51:46 AM +06 2026
Commit 22 - Thu Jun  4 03:51:46 AM +06 2026
Commit 23 - Thu Jun  4 03:51:46 AM +06 2026
Commit 24 - Thu Jun  4 03:51:46 AM +06 2026
Commit 25 - Thu Jun  4 03:51:46 AM +06 2026
Commit 26 - Thu Jun  4 03:51:46 AM +06 2026
Commit 27 - Thu Jun  4 03:51:46 AM +06 2026
Commit 28 - Thu Jun  4 03:51:46 AM +06 2026
Commit 29 - Thu Jun  4 03:51:46 AM +06 2026
Commit 30 - Thu Jun  4 03:51:46 AM +06 2026
Commit 31 - Thu Jun  4 03:51:46 AM +06 2026
Commit 32 - Thu Jun  4 03:51:46 AM +06 2026
Commit 33 - Thu Jun  4 03:51:46 AM +06 2026
Commit 34 - Thu Jun  4 03:51:46 AM +06 2026
Commit 35 - Thu Jun  4 03:51:46 AM +06 2026
Commit 36 - Thu Jun  4 03:51:46 AM +06 2026
Commit 37 - Thu Jun  4 03:51:46 AM +06 2026
Commit 38 - Thu Jun  4 03:51:46 AM +06 2026
Commit 39 - Thu Jun  4 03:51:46 AM +06 2026
Commit 40 - Thu Jun  4 03:51:46 AM +06 2026
Commit 41 - Thu Jun  4 03:51:46 AM +06 2026
Commit 42 - Thu Jun  4 03:51:46 AM +06 2026
Commit 43 - Thu Jun  4 03:51:46 AM +06 2026
Commit 44 - Thu Jun  4 03:51:46 AM +06 2026
Commit 45 - Thu Jun  4 03:51:46 AM +06 2026
Commit 46 - Thu Jun  4 03:51:46 AM +06 2026
Commit 47 - Thu Jun  4 03:51:46 AM +06 2026
Commit 48 - Thu Jun  4 03:51:46 AM +06 2026
Commit 49 - Thu Jun  4 03:51:46 AM +06 2026
Commit 50 - Thu Jun  4 03:51:46 AM +06 2026
Commit 51 - Thu Jun  4 03:51:46 AM +06 2026
Commit 52 - Thu Jun  4 03:51:46 AM +06 2026
Commit 53 - Thu Jun  4 03:51:46 AM +06 2026
Commit 54 - Thu Jun  4 03:51:46 AM +06 2026
Commit 55 - Thu Jun  4 03:51:46 AM +06 2026
Commit 56 - Thu Jun  4 03:51:46 AM +06 2026
Commit 57 - Thu Jun  4 03:51:46 AM +06 2026
Commit 58 - Thu Jun  4 03:51:46 AM +06 2026
Commit 59 - Thu Jun  4 03:51:46 AM +06 2026
[2026-04-05 14:00:00] Commit 0 - Setup home screen stream integration
[2026-04-06 14:00:00] Commit 1 - Created initial feed filtering service
[2026-04-07 14:00:00] Commit 2 - Added trending post detection logic
[2026-04-08 14:00:00] Commit 3 - Implemented needs-support filter
[2026-04-09 14:00:00] Commit 4 - Refactored feed sorting algorithm
[2026-04-10 14:00:00] Commit 5 - Improved stream update performance
[2026-04-11 14:00:00] Commit 6 - Fixed duplicate post rendering issue
[2026-04-12 14:00:00] Commit 7 - Added feed state management
[2026-04-13 14:00:00] Commit 8 - Optimized post filtering conditions
[2026-04-14 14:00:00] Commit 9 - Improved feed refresh mechanism
[2026-04-15 14:00:00] Commit 10 - Created admin dashboard screen
[2026-04-16 14:00:00] Commit 11 - Implemented statistics grid layout
[2026-04-17 14:00:00] Commit 12 - Added active user counting logic
[2026-04-18 14:00:00] Commit 13 - Implemented pending reports calculation
