[2026-04-05 16:00:00] backend update 0 - Initialized backend service architecture
[2026-04-06 16:00:00] backend update 1 - Setup Firebase stream listener structure
[2026-04-07 16:00:00] backend update 2 - Implemented Firestore real-time subscription pipeline
[2026-04-08 16:00:00] backend update 3 - Added anonymous authentication integration
[2026-04-09 16:00:00] backend update 4 - Improved backend service separation of concerns
[2026-04-10 16:00:00] backend update 5 - Refactored stream handling into modular functions
[2026-04-11 16:00:00] backend update 6 - Implemented upvote atomic transaction logic
[2026-04-12 16:00:00] backend update 7 - Added FieldValue.increment support for reactions
[2026-04-13 16:00:00] backend update 8 - Fixed race condition in vote update pipeline
[2026-04-14 16:00:00] backend update 9 - Optimized Firestore write operations
[2026-04-15 16:00:00] backend update 10 - Improved backend performance under concurrent updates
[2026-04-16 16:00:00] backend update 11 - Built moderateReportedTarget switch-case logic
[2026-04-17 16:00:00] backend update 12 - Implemented report handling workflow engine
[2026-04-18 16:00:00] backend update 13 - Added moderation status update pipeline
[2026-04-19 16:00:00] backend update 14 - Refactored moderation decision structure
[2026-04-20 16:00:00] backend update 15 - Improved backend security validation layer
[2026-04-21 16:00:00] backend update 16 - Created UserModel data structure
[2026-04-22 16:00:00] backend update 17 - Implemented fromMap factory constructor
[2026-04-23 16:00:00] backend update 18 - Added null-safe parsing for Firebase user data
[2026-04-24 16:00:00] backend update 19 - Handled missing field edge cases in user model
[2026-04-25 16:00:00] backend update 20 - Improved type safety in user deserialization
[2026-04-26 16:00:00] backend update 21 - Created PostModel data structure
[2026-04-27 16:00:00] backend update 22 - Implemented fromMap parsing for posts
